// Jest Snapshot v1, https://goo.gl/fbAQLP

exports[`should render Header correctly 1`] = `
<header>
  <h1>
    Expensify
  </h1>
  <nav
    className="nav"
  >
    <NavLink
      activeClassName="is-active"
      ariaCurrent="true"
      className="nav__link"
      exact={true}
      to="/"
    >
      Dashboard
    </NavLink>
    <NavLink
      activeClassName="is-active"
      ariaCurrent="true"
      className="nav__link"
      to="/create"
    >
      Create Expense
    </NavLink>
    <button
      onClick={[Function]}
    >
      Logout
    </button>
  </nav>
</header>
`;
